/mud/moosehead/area/limbo1.are
/mud/moosehead/area/group.are
/mud/moosehead/area/help.are
/mud/moosehead/area/rom.are
/mud/moosehead/area/social.are
/mud/moosehead/area/recipes.are
/mud/moosehead/area/smurf.are
/mud/moosehead/area/plains.are
/mud/moosehead/area/ofcol2.are
/mud/moosehead/area/pkillarn.are
/mud/moosehead/area/scint.are
/mud/moosehead/area/olympus.are
/mud/moosehead/area/air.are
/mud/moosehead/area/shire.are
/mud/moosehead/area/immort.are
/mud/moosehead/area/hitower.are
/mud/moosehead/area/gnome.are
/mud/moosehead/area/wyvern.are
/mud/moosehead/area/handel.are
/mud/moosehead/area/catacomb.are
/mud/moosehead/area/hood.are
/mud/moosehead/area/draconia.are
/mud/moosehead/area/mahntor.are
/mud/moosehead/area/firestrm.are
/mud/moosehead/area/melynda.are
/mud/moosehead/area/sov2.are
/mud/moosehead/area/trollden.are
/mud/moosehead/area/midgaard.are
/mud/moosehead/area/arrakis.are
/mud/moosehead/area/chapel.are
/mud/moosehead/area/midennir.are
/mud/moosehead/area/grave.are
/mud/moosehead/area/school.are
/mud/moosehead/area/satin.are
/mud/moosehead/area/moria.are
/mud/moosehead/area/demise.are
/mud/moosehead/area/honor.are
/mud/moosehead/area/circle2.are
/mud/moosehead/area/balance.are
/mud/moosehead/area/macleod.are
/mud/moosehead/area/posse.are
/mud/moosehead/area/scint2.are
/mud/moosehead/area/legionc.are
/mud/moosehead/area/eastern.are
/mud/moosehead/area/drow.are
/mud/moosehead/area/thalos.are
/mud/moosehead/area/mirror.are
../newareas/ofcol.are
/mud/moosehead/area/haon.are
../newareas/arachnos.are
/mud/moosehead/area/ecl.are
/mud/moosehead/area/dwarven.are
/mud/moosehead/area/daycare.are
/mud/moosehead/area/earend1.are
/mud/moosehead/area/quifael.are
/mud/moosehead/area/sewer.are
/mud/moosehead/area/astral.are
/mud/moosehead/area/valley.are
/mud/moosehead/area/mega1.are
/mud/moosehead/area/marsh.are
/mud/moosehead/area/dream.are
/mud/moosehead/area/pyramid.are
/mud/moosehead/area/whore.are
/mud/moosehead/area/grove.are
/mud/moosehead/area/dylan.are
/mud/moosehead/area/canyon.are
/mud/moosehead/area/galaxy.are
/mud/moosehead/area/mobfact.are
/mud/moosehead/area/newthalos.are
/mud/moosehead/area/bloodmoo.are
/mud/moosehead/area/rhood.are
/mud/moosehead/area/cwarsbb.are
/mud/moosehead/area/tohell.are
/mud/moosehead/area/lostcat.are
/mud/moosehead/area/gypcam.are
/mud/moosehead/area/rebby.are
/mud/moosehead/area/banshee.are
../newareas/matook.are
/mud/moosehead/area/bunion.are
/mud/moosehead/area/soggy.are
/mud/moosehead/area/tallt.are
/mud/moosehead/area/windr.are
/mud/moosehead/area/daisy.are
/mud/moosehead/area/sri.are
/mud/moosehead/area/nova.are
/mud/moosehead/area/blerg.are
/mud/moosehead/area/forbid.are
/mud/moosehead/area/bluet.are
/mud/moosehead/area/alu2area.are
/mud/moosehead/area/alucard.are
/mud/moosehead/area/daisy2.are
/mud/moosehead/area/johnwa.are
/mud/moosehead/area/elfprint.are
/mud/moosehead/area/yukon.are
/mud/moosehead/area/lycan.are
/mud/moosehead/area/nobody.are
/mud/moosehead/area/mandrake.are
/mud/moosehead/area/buldtown.are
/mud/moosehead/area/bldtown2.are
/mud/moosehead/area/guido.are
/mud/moosehead/area/themes.are
/mud/moosehead/area/doofie.are
/mud/moosehead/area/doofie2.are
/mud/moosehead/area/cyberd1.are
/mud/moosehead/area/khira2.are
/mud/moosehead/area/khicaves.are
/mud/moosehead/area/poquah.are
/mud/moosehead/area/guerr1.are
/mud/moosehead/area/demise2.are
/mud/moosehead/area/honor2.are
/mud/moosehead/area/posse2.are
/mud/moosehead/area/elenar.are
/mud/moosehead/area/anarchy2.are
/mud/moosehead/area/prowler1.are
/mud/moosehead/area/avarice.are
/mud/moosehead/area/magiclan.are
/mud/moosehead/area/warlock.are
/mud/moosehead/area/newbb.are
/mud/moosehead/area/wyvriver.are
/mud/moosehead/area/rage10.are
/mud/moosehead/area/rage11.are
/mud/moosehead/area/slod1.are
/mud/moosehead/area/slod3.are
/mud/moosehead/area/luria3.are
/mud/moosehead/area/valder1.are
../newareas/dallas2.are
../newareas/dally.are
../newareas/cdeath2.are
../newareas/rhood2.are
../newareas/r_n_stes.are
../newareas/prowler2.are
../newareas/randal1.are
../newareas/nimthas1.are
../newareas/stylee1.are
../newareas/kuno2.are
../newareas/briar1.are
../newareas/scint2.are
../newareas/hobkin1.are
../newareas/ralaana1.are
../newareas/stylee2.are
../newareas/braxen1.are
../newareas/briarrz2.are
../newareas/nd2.are
../newareas/halo1.are
/mud/moosehead/area/alagastr.are
../newareas/redferne1.are
/mud/moosehead/area/nirvana.are
../newareas/luria1.are
../newareas/luria2.are
../newareas/woosterv.are
../newareas/seog1.are
../newareas/karag1.are
../newareas/moria2.are
../newareas/carthage.are
../newareas/elencity.are
/mud/moosehead/area/bhonor.are
/mud/moosehead/area/bdemise.are
/mud/moosehead/area/bwarlock.are
/mud/moosehead/area/bzealot.are
/mud/moosehead/area/bposse.are
/mud/moosehead/area/demise2.are
../newareas/alag3.are
$
